// Jest Snapshot v1, https://goo.gl/fbAQLP

exports[`Integration tests for CurrenciesHistory component Checks if loading screen in CurrencyHistory renders correctly 1`] = `
<div>
  Currency's History loading...
</div>
`;
