// Jest Snapshot v1, https://goo.gl/fbAQLP

exports[`Integration tests for CurrencyConversion component Checks if CurrencyList renders correctly after async API consumption 1`] = `
<div>
  <section
    className="sectionHeader"
  >
    <div
      className="sectionHeaderImgWrapper"
    >
      <img
        alt="currency icon"
        className="sectionHeaderImg"
        src="svg-mock"
      />
    </div>
    <div
      className="sectionHeaderContentWrapper"
    >
      <h1>
        undefined 1.679069
      </h1>
      <p>
        Australian Dollar
      </p>
      <p>
        â‚¬1 euro
      </p>
    </div>
  </section>
  <div
    className="separator"
  >
    PAST 5 YEARS
  </div>
  <div
    className="conversionElementWrapper"
  >
    <div
      className="currencyConversionElementWrapper"
    >
      <div>
        2023
      </div>
      <p
        className="currencyConversion"
      >
        AUD 1.679069 = eur 1
      </p>
      <img
        alt="enter currency history button"
        className="historyArrowImg"
        src="svg-mock"
      />
    </div>
  </div>
  <div
    className="conversionElementWrapper"
  >
    <div
      className="currencyConversionElementWrapper"
    >
      <div>
        2020
      </div>
      <p
        className="currencyConversion"
      >
        AUD 1.679069 = eur 1
      </p>
      <img
        alt="enter currency history button"
        className="historyArrowImg"
        src="svg-mock"
      />
    </div>
  </div>
</div>
`;

exports[`Integration tests for CurrencyConversion component Checks if loading screen in CurrencyConversion renders correctly 1`] = `
<div>
  Currency's Conversion loading...
</div>
`;
